g++ -std=c++11 -Wall -Isrc test/test_emi.cpp src/Loan.cpp -lgtest -lgtest_main -pthread -o test_runner
./test_runner
[==========] Running 6 tests from 1 test suite.
[----------] Global test environment set-up.
[----------] 6 tests from LoanTest
[ RUN      ] LoanTest.NormalEMICalculation
[       OK ] LoanTest.NormalEMICalculation (0 ms)
[ RUN      ] LoanTest.ZeroInterestRate
[       OK ] LoanTest.ZeroInterestRate (0 ms)
[ RUN      ] LoanTest.LargeTenureWithoutOverflow
[       OK ] LoanTest.LargeTenureWithoutOverflow (0 ms)
[ RUN      ] LoanTest.SmallLoanAmount
[       OK ] LoanTest.SmallLoanAmount (0 ms)
[ RUN      ] LoanTest.HighInterestRate
[       OK ] LoanTest.HighInterestRate (0 ms)
[ RUN      ] LoanTest.GettersAndSetters
[       OK ] LoanTest.GettersAndSetters (0 ms)
[----------] 6 tests from LoanTest (0 ms total)

[----------] Global test environment tear-down
[==========] 6 tests from 1 test suite ran. (0 ms total)
[  PASSED  ] 6 tests.
